<html>
<body>
<pre>
<h1>µVision Build Log</h1>
<h2>Tool Versions:</h2>
IDE-Version: µVision V5.26.2.0
Copyright (C) 2018 ARM Ltd and ARM Germany GmbH. All rights reserved.
License Information: Ali Mohamed, HP Inc., LIC=50D74-FEDEI-AW22F-6PLXM-DMA3L-NC9C6
 
Tool Versions:
Toolchain:       MDK-ARM Professional  Version: 5.26.2.0
Toolchain Path:  C:\Keil_v5\ARM\ARMCC\Bin
C Compiler:      Armcc.exe V5.06 update 6 (build 750)
Assembler:       Armasm.exe V5.06 update 6 (build 750)
Linker/Locator:  ArmLink.exe V5.06 update 6 (build 750)
Library Manager: ArmAr.exe V5.06 update 6 (build 750)
Hex Converter:   FromElf.exe V5.06 update 6 (build 750)
CPU DLL:         SARMCM3.DLL V5.26.2.0
Dialog DLL:      DCM.DLL V1.17.2.0
Target DLL:      lmidk-agdi.dll V???
Dialog DLL:      TCM.DLL V1.36.1.0
 
<h2>Project:</h2>
D:\Autosar\Git\Autosar\Arm\DIO\DIO.uvproj
Project File Date:  02/12/2020

<h2>Output:</h2>
*** Using Compiler 'V5.06 update 6 (build 750)', folder: 'C:\Keil_v5\ARM\ARMCC\Bin'
Build target 'Target 1'
compiling main.c...
STD_Types.h(23): warning:  #1-D: last line of file ends without a newline
  #endif /* STD_TYPES_H_ */
dio_types.h(89): warning:  #1-D: last line of file ends without a newline
  #endif /* DIO_TYPES_H_ */
bit_math.h(10): warning:  #1-D: last line of file ends without a newline
  #endif /* BIT_MATH_H_ */
dio.h(14): warning:  #1-D: last line of file ends without a newline
  #endif /* DIO_H_ */
dio_cfg.h(6): warning:  #1-D: last line of file ends without a newline
  void Dio_Init(GPIOA_Type *GPIO);
main.c(22): warning:  #111-D: statement is unreachable
  	return 0;
main.c(23): warning:  #1-D: last line of file ends without a newline
  }
main.c: 7 warnings, 0 errors
linking...
Program Size: Code=1448 RO-data=16 RW-data=0 ZI-data=352  
".\Objects\DIO.axf" - 0 Error(s), 7 Warning(s).
Build Time Elapsed:  00:00:01
</pre>
</body>
</html>
