<html>
<body>
<pre>
<h1>µVision Build Log</h1>
<h2>Tool Versions:</h2>
IDE-Version: µVision V5.26.2.0
Copyright (C) 2018 ARM Ltd and ARM Germany GmbH. All rights reserved.
License Information: Ali Mohamed, HP Inc., LIC=50D74-FEDEI-AW22F-6PLXM-DMA3L-NC9C6
 
Tool Versions:
Toolchain:       MDK-ARM Professional  Version: 5.26.2.0
Toolchain Path:  C:\Keil_v5\ARM\ARMCC\Bin
C Compiler:      Armcc.exe V5.06 update 6 (build 750)
Assembler:       Armasm.exe V5.06 update 6 (build 750)
Linker/Locator:  ArmLink.exe V5.06 update 6 (build 750)
Library Manager: ArmAr.exe V5.06 update 6 (build 750)
Hex Converter:   FromElf.exe V5.06 update 6 (build 750)
CPU DLL:         SARMCM3.DLL V5.26.2.0
Dialog DLL:      DCM.DLL V1.17.2.0
Target DLL:      lmidk-agdi.dll V???
Dialog DLL:      TCM.DLL V1.36.1.0
 
<h2>Project:</h2>
D:\Autosar\Git\Autosar\Arm\PORT\PORT.uvproj
Project File Date:  03/06/2020

<h2>Output:</h2>
*** Using Compiler 'V5.06 update 6 (build 750)', folder: 'C:\Keil_v5\ARM\ARMCC\Bin'
Build target 'Target 1'
compiling main.c...
STD_Types.h(23): warning:  #1-D: last line of file ends without a newline
  #endif /* STD_TYPES_H_ */
dio_types.h(85): warning:  #1-D: last line of file ends without a newline
  #endif /* DIO_TYPES_H_ */
port_types.h(23): warning:  #1-D: last line of file ends without a newline
  typedef Dio_ChannelType Port_PinType;
bit_math.h(10): warning:  #1-D: last line of file ends without a newline
  #endif /* BIT_MATH_H_ */
dio.h(14): warning:  #1-D: last line of file ends without a newline
  #endif /* DIO_H_ */
port.h(10): warning:  #1-D: last line of file ends without a newline
   
main.c(8): warning:  #167-D: argument of type "const Port_ConfigType (*)[]" is incompatible with parameter of type "Port_ConfigType *"
  Port_Init(&Config);
main.c(17): warning:  #111-D: statement is unreachable
  return 0;
main.c(18): warning:  #1-D: last line of file ends without a newline
  }
main.c: 9 warnings, 0 errors
compiling port.c...
STD_Types.h(23): warning:  #1-D: last line of file ends without a newline
  #endif /* STD_TYPES_H_ */
dio_types.h(85): warning:  #1-D: last line of file ends without a newline
  #endif /* DIO_TYPES_H_ */
port_types.h(23): warning:  #1-D: last line of file ends without a newline
  typedef Dio_ChannelType Port_PinType;
bit_math.h(10): warning:  #1-D: last line of file ends without a newline
  #endif /* BIT_MATH_H_ */
dio.h(14): warning:  #1-D: last line of file ends without a newline
  #endif /* DIO_H_ */
port.h(10): warning:  #1-D: last line of file ends without a newline
   
port.c(98): warning:  #186-D: pointless comparison of unsigned integer with zero
   if( PinCounter >=0  && PinCounter <=7  )
port.c(290): warning:  #186-D: pointless comparison of unsigned integer with zero
     if (Pin >=0 && Pin <=7)
port.c(370): warning:  #1-D: last line of file ends without a newline
  }
port.c: 9 warnings, 0 errors
linking...
Program Size: Code=3640 RO-data=2768 RW-data=0 ZI-data=352  
".\Objects\PORT.axf" - 0 Error(s), 18 Warning(s).
Build Time Elapsed:  00:00:02
</pre>
</body>
</html>
